
> grokbot-live-task-cards@1.1.0 test
> node --test tests/*.test.mjs

✔ small and large batches always settle within 620ms (0.953125ms)
✔ initial snapshot renders the confirmed meter immediately, including fractional batches (7.667667ms)
✔ HTTP create, read page and update round trip uses actual file store (92.634083ms)
✔ matrix page serves live component assets and saved activity, not demo fixture (36.982875ms)
✔ public health does not imply iMessage verification (6.296958ms)
✔ publisher API rejects absent or view-only credentials (29.042917ms)
✔ no button action or callback endpoint exists (42.859208ms)
✔ private pages have no-store, no-referrer and restricted CSP (27.576042ms)
✔ bad view token and wrong slot cannot read another card (26.864792ms)
✔ private JSON view omits task/conversation and publisher credentials (30.114709ms)
✔ text injection is escaped in both HTML and JSON bootstrap (72.864375ms)
✔ reading a card cannot change revision or slot state (41.230042ms)
✔ malformed JSON and oversized requests rejected (7.777875ms)
✔ Build Output API rewritten path is dispatched to the same router (6.822208ms)
✔ examples are optional and have no task side effects (8.303834ms)
✔ requested theme changes saved content at the exact same URL (67.185583ms)
✔ loader validation accepts separate still/loop formats and rejects scripts, dimensions and invalid loops (2.767667ms)
✔ loader replacement is owner-scoped, keeps URLs/task clocks, persists and applies to future cards (96.446708ms)
✔ reset restores Grokbot for active/future cards but preserves terminal and archived loader history (205.464791ms)
✔ loader writes are idempotent, reject stale revisions and cannot overwrite a newer milestone (146.15025ms)
✔ unreferenced assets are collected; preferences and retained final cards keep theirs (62.179375ms)
✔ old registries and cards without owners retain Grokbot; owner identity is absent from public data (49.860083ms)
✔ loader HTTP API rejects unauthenticated/view-only writes and exposes only the selected asset (74.39025ms)
✔ loader upload accepts bounded larger assets without increasing the ordinary card body limit (20.711167ms)
✔ runtime requires explicit replace/reset authorization; attachments and wrong actions cause no write (36.742084ms)
✔ runtime derives owner from trusted context, applies loader and blocks cross-owner task access (90.276625ms)
✔ personalization stays disabled when runtime authorization hooks are absent (6.0785ms)
✔ variable lattices preserve transition position/velocity and agree across 30/60/120fps (92.866875ms)
✔ concurrent personalization cannot silently overwrite another request for the same owner (35.904166ms)
✔ custom static and authored loop samples remain bounded through four cycles at 30/60/120fps (37.8505ms)
✔ queue promotes the same planned step only after saved stage advancement (4.307667ms)
✔ waiting preserves the upcoming plan; terminal states remove it (2.216041ms)
✔ queued work labels future intent instead of claiming it has started (3.354792ms)
✔ valid research example (7.7465ms)
✔ valid checks example (1.849333ms)
✔ valid stages example (3.427333ms)
✔ valid matrix example (1.773042ms)
✔ matrix validates the planned steps against stage identity and supported icons (2.627083ms)
✔ legacy matrix history is readable but is never reinterpreted as a plan (1.085875ms)
✔ reject HTML/action/style contract extensions (5.537417ms)
✔ unknown totals produce no invented fraction (1.679834ms)
✔ reject invalid counters and percentages (6.497375ms)
✔ four named stages do not imply 25 percent increments (0.784917ms)
✔ reject two active stages (0.532417ms)
✔ reject contradictory complete-but-unsent stage state (0.307ms)
✔ waiting uses a blocked marker rather than active working animation (0.342125ms)
✔ stage IDs unique; label length bounded (0.208625ms)
✔ allow two to four stages with arbitrary valid labels (0.66625ms)
✔ title length and control characters bounded (0.725541ms)
✔ header assets are allowlisted, never arbitrary remote URLs (0.205417ms)
✔ create retains opaque original conversation ID (0.156875ms)
✔ update requires exact integer revision (0.2425ms)
✔ empty slot registry has exactly ten names (0.16325ms)
✔ corrupt state does not reset silently (0.059792ms)
✔ production configuration refuses file persistence (0.128875ms)
✔ configuration requires distinct strong secrets (0.064ms)
✔ no HTTP public production origin (0.037666ms)
✔ theme defaults to dark and accepts only the two approved palettes (0.4815ms)
✔ start sends once; milestone writes never edit or resend (212.365208ms)
✔ update does not require a provider edit return (96.441458ms)
✔ repeat sync does not resend already presented revision (114.545792ms)
✔ confirmed terminal update releases slot and leaves original final page (107.033083ms)
✔ missing original session after restart still permits saved updates without replacement send (58.499375ms)
✔ wrong conversation rejects before a provider send or record creation (1.932917ms)
✔ provider failure becomes unknown and is not auto retried (46.760792ms)
✔ lost acknowledgment returns reconciliation data, not another SDK send (41.763125ms)
✔ terminal release clears optional uptime-only target mapping (94.104542ms)
✔ requested light palette updates the same card without a Spectrum operation (61.692584ms)
✔ card refresh reads only the selected record and its loader, with no storage write (13.946584ms)
✔ a milestone changes only that card plus shared version and size counters (4.087208ms)
✔ card read size stays constant when unrelated retained history grows (8.414042ms)
✔ different cards update concurrently without retrying shared registry versions (2.502084ms)
✔ same-card competing milestones reject a stale revision and retain one winner (20.325833ms)
✔ global transaction retries after a card write instead of losing the milestone (14.609167ms)
✔ personalization racing a milestone cannot be overwritten by the card transaction (16.900333ms)
✔ concurrent creates allocate at most ten unique slots (24.771125ms)
✔ unknown sends survive targeted milestones and still block release until reconciled (2.841334ms)
✔ concurrent send claims produce only one initial-send permission (26.265584ms)
✔ lost write acknowledgment can be reconciled without advancing the revision again (2.601334ms)
✔ legacy migration requires a backup and preserves URLs, history, loaders, and send ledger (234.953125ms)
✔ a prune racing a retained-card write cannot resurrect the deleted record (19.911375ms)
✔ migration refuses a failed backup or concurrent legacy write without changing it (22.677541ms)
✔ missing/corrupt records fail closed and unknown layouts never become an empty pool (2.455417ms)
✔ registry size bound is enforced before a card write (0.84275ms)
✔ storage/network failures remain errors, not a fresh empty pool (0.262708ms)
✔ conflicts exhaust a bounded retry budget (0.146416ms)
✔ 27 of 50 is exactly 27 filled dots and 23 pending dots (0.710542ms)
✔ large batch uses bounded proportional dot display (0.382417ms)
✔ 74 percent is seven full segments, one 40 percent segment, two empty (0.284083ms)
✔ stage tracker does not show an invented percent (6.710167ms)
✔ unknown progress falls back to stages instead of 0 or fake 60 percent (1.393209ms)
✔ completed and waiting states have no working activity ring (3.952625ms)
✔ layout contains no controls or external assets (4.429292ms)
✔ code palette contains only approved flat navy, white and gray tokens (3.334333ms)
✔ header disabled produces no blank image strip (1.395167ms)
✔ text stays text, not script or HTML (2.340584ms)
✔ concurrent creates claim at most ten distinct slots (260.387083ms)
✔ identical create retries return one identity (148.569542ms)
✔ conflicting create idempotency key is rejected (31.184875ms)
✔ same task cannot get another retained card (27.131875ms)
✔ update changes data and revision, not identity or slot (52.262625ms)
✔ a complete record snapshot can be reused as the next update payload (28.371083ms)
✔ stale updates cannot overwrite new progress (37.949458ms)
✔ updates keep the original template so mounted assets remain valid (10.55925ms)
✔ retry after an update response is lost is idempotent (41.761709ms)
✔ presentation claims serialize same-card provider operations (38.283083ms)
✔ confirmed milestone can be saved during an unresolved initial send (48.334333ms)
✔ unknown outcomes retain occupancy and cannot be resent (54.287875ms)
✔ unknown can be explicitly reconciled with actual message reference (48.9885ms)
✔ accepted settlement retries do not create new references (40.08625ms)
✔ wrong initial attempt is rejected and accepted send cannot be repeated (45.109667ms)
✔ pre-migration edit claim can be reconciled without replacing original message (31.479541ms)
✔ release requires terminal state and reconciled initial send (35.189708ms)
✔ terminal milestone can precede reconciliation, then release without final edit (35.016875ms)
✔ old URL remains bound to old card after slot reuse (40.971708ms)
✔ archived and terminal cards reject late worker changes (27.374333ms)
✔ restart preserves slots, progress and unresolved claims (12.552833ms)
✔ only unsent, unambiguous draft can be discarded (11.794458ms)
✔ read token is scoped to exact card and slot (6.586292ms)
✔ public view omits internal identities and delivery/session state (6.559459ms)
✔ archive read expiry does not release active tasks by elapsed time (63.52825ms)
✔ corrupt file rejected without overwrite (2.146708ms)
✔ stale local lock fails closed instead of stealing ownership (30.888ms)
✔ whole-workflow estimates stay within weighted caps and never advance stages (3.308875ms)
✔ only confirmed completion reaches 100, including last-stage and failed cases (2.59925ms)
✔ workflow weights require a complete ordered positive 100-point budget (2.342958ms)
✔ saved clock survives theme updates, pauses and reopening; estimate causes no writes (107.334958ms)
✔ workflow budgets and confirmed stages cannot be rewritten backward (42.496542ms)
ℹ tests 128
ℹ suites 0
ℹ pass 128
ℹ fail 0
ℹ cancelled 0
ℹ skipped 0
ℹ todo 0
ℹ duration_ms 1350.836958
